D:/h7_framework/Skywalker/Device/Src/dev_bmi088.c:119:6:Bmi088ImuConfigInit	16	static
D:/h7_framework/Skywalker/Device/Src/dev_bmi088.c:140:13:Bmi088AccelSelect	8	static
D:/h7_framework/Skywalker/Device/Src/dev_bmi088.c:149:13:Bmi088AccelDeselect	8	static
D:/h7_framework/Skywalker/Device/Src/dev_bmi088.c:158:13:Bmi088GyroSelect	8	static
D:/h7_framework/Skywalker/Device/Src/dev_bmi088.c:167:13:Bmi088GyroDeselect	8	static
D:/h7_framework/Skywalker/Device/Src/dev_bmi088.c:178:16:Bmi088TransferByte	32	static
D:/h7_framework/Skywalker/Device/Src/dev_bmi088.c:192:13:Bmi088WriteRegister	32	static
D:/h7_framework/Skywalker/Device/Src/dev_bmi088.c:207:16:Bmi088ReadGyroRegister	32	static
D:/h7_framework/Skywalker/Device/Src/dev_bmi088.c:222:16:Bmi088ReadAccelRegister	24	static
D:/h7_framework/Skywalker/Device/Src/dev_bmi088.c:240:13:Bmi088ReadGyroRegisters	40	static
D:/h7_framework/Skywalker/Device/Src/dev_bmi088.c:262:13:Bmi088ReadAccelRegisters	40	static
D:/h7_framework/Skywalker/Device/Src/dev_bmi088.c:281:13:Bmi088AccelWrite	16	static
D:/h7_framework/Skywalker/Device/Src/dev_bmi088.c:292:16:Bmi088AccelRead	24	static
D:/h7_framework/Skywalker/Device/Src/dev_bmi088.c:303:13:Bmi088AccelReadMulti	24	static
D:/h7_framework/Skywalker/Device/Src/dev_bmi088.c:314:13:Bmi088GyroWrite	16	static
D:/h7_framework/Skywalker/Device/Src/dev_bmi088.c:325:16:Bmi088GyroRead	24	static
D:/h7_framework/Skywalker/Device/Src/dev_bmi088.c:336:13:Bmi088GyroReadMulti	24	static
D:/h7_framework/Skywalker/Device/Src/dev_bmi088.c:349:21:Bmi088InitAccel	24	static
D:/h7_framework/Skywalker/Device/Src/dev_bmi088.c:388:21:Bmi088InitGyro	24	static
D:/h7_framework/Skywalker/Device/Src/dev_bmi088.c:427:16:Bmi088BytesToInt16	16	static
D:/h7_framework/Skywalker/Device/Src/dev_bmi088.c:437:14:Bmi088VectorNorm3	16	static
D:/h7_framework/Skywalker/Device/Src/dev_bmi088.c:449:13:Bmi088ApplyInstallMatrix	40	static
D:/h7_framework/Skywalker/Device/Src/dev_bmi088.c:469:13:Bmi088BodyToEarth	48	static
D:/h7_framework/Skywalker/Device/Src/dev_bmi088.c:498:13:Bmi088EarthToBody	48	static
D:/h7_framework/Skywalker/Device/Src/dev_bmi088.c:525:13:Bmi088ReadRawAccel	24	static
D:/h7_framework/Skywalker/Device/Src/dev_bmi088.c:538:13:Bmi088ReadRawGyro	24	static
D:/h7_framework/Skywalker/Device/Src/dev_bmi088.c:556:13:Bmi088ReadRawTemperature	24	static
D:/h7_framework/Skywalker/Device/Src/dev_bmi088.c:574:13:Bmi088UpdateScaledData	24	static
D:/h7_framework/Skywalker/Device/Src/dev_bmi088.c:591:13:Bmi088UpdateCorrectedData	16	static
D:/h7_framework/Skywalker/Device/Src/dev_bmi088.c:603:13:Bmi088UpdateMotionAccel	64	static
D:/h7_framework/Skywalker/Device/Src/dev_bmi088.c:634:13:Bmi088InitEulerFromAccel	56	static
D:/h7_framework/Skywalker/Device/Src/dev_bmi088.c:675:14:Bmi088Init	16	static
D:/h7_framework/Skywalker/Device/Src/dev_bmi088.c:717:14:Bmi088Update	16	static
D:/h7_framework/Skywalker/Device/Src/dev_bmi088.c:740:14:Bmi088ImuInit	40	static
D:/h7_framework/Skywalker/Device/Src/dev_bmi088.c:818:14:Bmi088ImuUpdate	24	static
D:/h7_framework/Skywalker/Device/Src/dev_bmi088.c:858:6:Bmi088ImuReset	16	static
D:/h7_framework/Skywalker/Device/Src/dev_bmi088.c:882:6:Bmi088ImuSetEkfQr	24	static
D:/h7_framework/Skywalker/Device/Src/dev_bmi088.c:899:6:Bmi088ImuSetInstallMatrix	16	static
D:/h7_framework/Skywalker/Device/Src/dev_bmi088.c:926:6:Bmi088ImuSetMotionAccelLpf	16	static
D:/h7_framework/Skywalker/Device/Src/dev_bmi088.c:944:14:Bmi088ImuCalibrate	96	static
D:/h7_framework/Skywalker/Device/Src/dev_bmi088.c:1044:6:Bmi088SetGyroOffset	16	static
D:/h7_framework/Skywalker/Device/Src/dev_bmi088.c:1062:14:Bmi088CalibrateGyroOffset	40	static
D:/h7_framework/Skywalker/Device/Src/dev_bmi088.c:1104:6:Bmi088HeaterInit	32	static
D:/h7_framework/Skywalker/Device/Src/dev_bmi088.c:1126:6:Bmi088HeaterDisable	16	static
D:/h7_framework/Skywalker/Device/Src/dev_bmi088.c:1146:7:Bmi088HeaterControl	24	static
