D:/h7_framework/Skywalker/Device/Src/dev_bmi088.c:114:6:Bmi088ImuConfigInit	16	static
D:/h7_framework/Skywalker/Device/Src/dev_bmi088.c:133:13:Bmi088AccelSelect	8	static
D:/h7_framework/Skywalker/Device/Src/dev_bmi088.c:141:13:Bmi088AccelDeselect	8	static
D:/h7_framework/Skywalker/Device/Src/dev_bmi088.c:149:13:Bmi088GyroSelect	8	static
D:/h7_framework/Skywalker/Device/Src/dev_bmi088.c:157:13:Bmi088GyroDeselect	8	static
D:/h7_framework/Skywalker/Device/Src/dev_bmi088.c:167:16:Bmi088TransferByte	32	static
D:/h7_framework/Skywalker/Device/Src/dev_bmi088.c:180:13:Bmi088WriteRegister	32	static
D:/h7_framework/Skywalker/Device/Src/dev_bmi088.c:194:16:Bmi088ReadGyroRegister	32	static
D:/h7_framework/Skywalker/Device/Src/dev_bmi088.c:208:16:Bmi088ReadAccelRegister	24	static
D:/h7_framework/Skywalker/Device/Src/dev_bmi088.c:225:13:Bmi088ReadGyroRegisters	40	static
D:/h7_framework/Skywalker/Device/Src/dev_bmi088.c:244:13:Bmi088ReadAccelRegisters	40	static
D:/h7_framework/Skywalker/Device/Src/dev_bmi088.c:260:13:Bmi088AccelWrite	16	static
D:/h7_framework/Skywalker/Device/Src/dev_bmi088.c:270:16:Bmi088AccelRead	24	static
D:/h7_framework/Skywalker/Device/Src/dev_bmi088.c:280:13:Bmi088AccelReadMulti	24	static
D:/h7_framework/Skywalker/Device/Src/dev_bmi088.c:290:13:Bmi088GyroWrite	16	static
D:/h7_framework/Skywalker/Device/Src/dev_bmi088.c:300:16:Bmi088GyroRead	24	static
D:/h7_framework/Skywalker/Device/Src/dev_bmi088.c:310:13:Bmi088GyroReadMulti	24	static
D:/h7_framework/Skywalker/Device/Src/dev_bmi088.c:322:21:Bmi088InitAccel	24	static
D:/h7_framework/Skywalker/Device/Src/dev_bmi088.c:357:21:Bmi088InitGyro	24	static
D:/h7_framework/Skywalker/Device/Src/dev_bmi088.c:392:16:Bmi088BytesToInt16	16	static
D:/h7_framework/Skywalker/Device/Src/dev_bmi088.c:401:14:Bmi088VectorNorm3	16	static
D:/h7_framework/Skywalker/Device/Src/dev_bmi088.c:412:13:Bmi088ApplyInstallMatrix	40	static
D:/h7_framework/Skywalker/Device/Src/dev_bmi088.c:430:13:Bmi088BodyToEarth	48	static
D:/h7_framework/Skywalker/Device/Src/dev_bmi088.c:458:13:Bmi088EarthToBody	48	static
D:/h7_framework/Skywalker/Device/Src/dev_bmi088.c:484:13:Bmi088ReadRawAccel	24	static
D:/h7_framework/Skywalker/Device/Src/dev_bmi088.c:496:13:Bmi088ReadRawGyro	24	static
D:/h7_framework/Skywalker/Device/Src/dev_bmi088.c:512:13:Bmi088ReadRawTemperature	24	static
D:/h7_framework/Skywalker/Device/Src/dev_bmi088.c:528:13:Bmi088UpdateScaledData	24	static
D:/h7_framework/Skywalker/Device/Src/dev_bmi088.c:543:13:Bmi088UpdateCorrectedData	16	static
D:/h7_framework/Skywalker/Device/Src/dev_bmi088.c:554:13:Bmi088UpdateMotionAccel	64	static
D:/h7_framework/Skywalker/Device/Src/dev_bmi088.c:582:13:Bmi088InitEulerFromAccel	56	static
D:/h7_framework/Skywalker/Device/Src/dev_bmi088.c:617:14:Bmi088Init	16	static
D:/h7_framework/Skywalker/Device/Src/dev_bmi088.c:655:14:Bmi088Update	16	static
D:/h7_framework/Skywalker/Device/Src/dev_bmi088.c:676:14:Bmi088ImuInit	40	static
D:/h7_framework/Skywalker/Device/Src/dev_bmi088.c:745:14:Bmi088ImuUpdate	24	static
D:/h7_framework/Skywalker/Device/Src/dev_bmi088.c:780:6:Bmi088ImuReset	16	static
D:/h7_framework/Skywalker/Device/Src/dev_bmi088.c:802:6:Bmi088ImuSetEkfQr	24	static
D:/h7_framework/Skywalker/Device/Src/dev_bmi088.c:817:6:Bmi088ImuSetInstallMatrix	16	static
D:/h7_framework/Skywalker/Device/Src/dev_bmi088.c:839:6:Bmi088ImuSetMotionAccelLpf	16	static
D:/h7_framework/Skywalker/Device/Src/dev_bmi088.c:855:14:Bmi088ImuCalibrate	96	static
D:/h7_framework/Skywalker/Device/Src/dev_bmi088.c:940:6:Bmi088SetGyroOffset	16	static
D:/h7_framework/Skywalker/Device/Src/dev_bmi088.c:956:14:Bmi088CalibrateGyroOffset	40	static
D:/h7_framework/Skywalker/Device/Src/dev_bmi088.c:992:6:Bmi088HeaterInit	32	static
D:/h7_framework/Skywalker/Device/Src/dev_bmi088.c:1012:6:Bmi088HeaterDisable	16	static
D:/h7_framework/Skywalker/Device/Src/dev_bmi088.c:1029:7:Bmi088HeaterControl	24	static
