D:/h7_framework/Skywalker/Application/Src/app_standard.c:135:13:StandardIsUnitTestMode	4	static
D:/h7_framework/Skywalker/Application/Src/app_standard.c:139:14:StandardClamp	24	static
D:/h7_framework/Skywalker/Application/Src/app_standard.c:149:14:StandardRcNormalize	16	static
D:/h7_framework/Skywalker/Application/Src/app_standard.c:153:14:StandardApplyDeadband	16	static
D:/h7_framework/Skywalker/Application/Src/app_standard.c:160:13:StandardAutoSpinIsEnabled	4	static
D:/h7_framework/Skywalker/Application/Src/app_standard.c:164:14:StandardWrapPi	16	static
D:/h7_framework/Skywalker/Application/Src/app_standard.c:174:13:StandardUpdateKeyboardMouseInput	16	static
D:/h7_framework/Skywalker/Application/Src/app_standard.c:193:14:StandardChassisYawRateCommand	24	static
D:/h7_framework/Skywalker/Application/Src/app_standard.c:205:14:StandardGimbalYawRateCommand	16	static
D:/h7_framework/Skywalker/Application/Src/app_standard.c:215:14:StandardGimbalPitchRateCommand	16	static
D:/h7_framework/Skywalker/Application/Src/app_standard.c:225:13:StandardPackDjiCurrents	48	static
D:/h7_framework/Skywalker/Application/Src/app_standard.c:243:13:StandardFdcan2RxCallback	16	static
D:/h7_framework/Skywalker/Application/Src/app_standard.c:263:13:StandardFdcan3RxCallback	16	static
D:/h7_framework/Skywalker/Application/Src/app_standard.c:271:13:StandardMotorInit	24	static
D:/h7_framework/Skywalker/Application/Src/app_standard.c:327:13:StandardSharedInit	24	static
D:/h7_framework/Skywalker/Application/Src/app_standard.c:386:14:StandardEstimateChassisPower	32	static
D:/h7_framework/Skywalker/Application/Src/app_standard.c:402:13:StandardApplyChassisPowerLimit	32	static
D:/h7_framework/Skywalker/Application/Src/app_standard.c:423:14:StandardChassisPowerLimit	4	static
D:/h7_framework/Skywalker/Application/Src/app_standard.c:431:13:StandardChassisImuUpdate	24	static
D:/h7_framework/Skywalker/Application/Src/app_standard.c:460:13:StandardChassisKinematics	64	static
D:/h7_framework/Skywalker/Application/Src/app_standard.c:513:13:StandardChassisControl	32	static
D:/h7_framework/Skywalker/Application/Src/app_standard.c:537:13:StandardGimbalControl	64	static
D:/h7_framework/Skywalker/Application/Src/app_standard.c:597:13:StandardShootControl	40	static
D:/h7_framework/Skywalker/Application/Src/app_standard.c:625:13:StandardStopChassisMotors	16	static
D:/h7_framework/Skywalker/Application/Src/app_standard.c:634:13:StandardStopGimbalMotors	8	static
D:/h7_framework/Skywalker/Application/Src/app_standard.c:645:13:StandardStopShootMotors	4	static
D:/h7_framework/Skywalker/Application/Src/app_standard.c:654:13:StandardTransmitGimbalStopCurrents	24	static
D:/h7_framework/Skywalker/Application/Src/app_standard.c:665:13:StandardTransmitChassisStopCurrents	16	static
D:/h7_framework/Skywalker/Application/Src/app_standard.c:671:13:StandardTransmitShootStopCurrents	24	static
D:/h7_framework/Skywalker/Application/Src/app_standard.c:680:13:StandardDt7IsOnline	16	static
D:/h7_framework/Skywalker/Application/Src/app_standard.c:688:13:StandardIsSafeMode	8	static
D:/h7_framework/Skywalker/Application/Src/app_standard.c:696:13:StandardEnterGimbalSafeMode	8	static
D:/h7_framework/Skywalker/Application/Src/app_standard.c:701:13:StandardEnterChassisSafeMode	8	static
D:/h7_framework/Skywalker/Application/Src/app_standard.c:706:13:StandardEnterShootSafeMode	8	static
D:/h7_framework/Skywalker/Application/Src/app_standard.c:711:13:StandardUpdateVisionTx	4	static
D:/h7_framework/Skywalker/Application/Src/app_standard.c:727:10:ManagerTaskInit	8	static
D:/h7_framework/Skywalker/Application/Src/app_standard.c:735:6:ManagerTaskLoop	8	static
D:/h7_framework/Skywalker/Application/Src/app_standard.c:750:10:GimbalTaskInit	8	static
D:/h7_framework/Skywalker/Application/Src/app_standard.c:761:6:GimbalTaskLoop	8	static
D:/h7_framework/Skywalker/Application/Src/app_standard.c:775:10:ChassisTaskInit	8	static
D:/h7_framework/Skywalker/Application/Src/app_standard.c:786:6:ChassisTaskLoop	8	static
D:/h7_framework/Skywalker/Application/Src/app_standard.c:800:10:ShootTaskInit	8	static
D:/h7_framework/Skywalker/Application/Src/app_standard.c:811:6:ShootTaskLoop	8	static
