D:/h7_framework/Skywalker/Application/Src/app_unit_test.c:46:14:UnitTestVectorNorm3	16	static
D:/h7_framework/Skywalker/Application/Src/app_unit_test.c:51:13:UnitTestIsSelected	16	static
D:/h7_framework/Skywalker/Application/Src/app_unit_test.c:55:13:UnitTestIsRemoteChassisDriveSelected	8	static
D:/h7_framework/Skywalker/Application/Src/app_unit_test.c:59:13:UnitTestIsFdcan3MotorSelected	8	static
D:/h7_framework/Skywalker/Application/Src/app_unit_test.c:64:13:UnitTestItemDisable	16	static
D:/h7_framework/Skywalker/Application/Src/app_unit_test.c:69:13:UnitTestItemRun	16	static
D:/h7_framework/Skywalker/Application/Src/app_unit_test.c:74:13:UnitTestItemPass	16	static
D:/h7_framework/Skywalker/Application/Src/app_unit_test.c:80:13:UnitTestItemFail	16	static
D:/h7_framework/Skywalker/Application/Src/app_unit_test.c:88:13:UnitTestRemoteRxCallback	16	static
D:/h7_framework/Skywalker/Application/Src/app_unit_test.c:93:13:UnitTestRecordUartRx	32	static
D:/h7_framework/Skywalker/Application/Src/app_unit_test.c:103:13:UnitTestUart1RxCallback	16	static
D:/h7_framework/Skywalker/Application/Src/app_unit_test.c:108:13:UnitTestUart2RxCallback	16	static
D:/h7_framework/Skywalker/Application/Src/app_unit_test.c:113:13:UnitTestUart3RxCallback	16	static
D:/h7_framework/Skywalker/Application/Src/app_unit_test.c:118:13:UnitTestUart7RxCallback	16	static
D:/h7_framework/Skywalker/Application/Src/app_unit_test.c:123:13:UnitTestUart10RxCallback	16	static
D:/h7_framework/Skywalker/Application/Src/app_unit_test.c:128:13:UnitTestFdcanRecord	24	static
D:/h7_framework/Skywalker/Application/Src/app_unit_test.c:138:13:UnitTestFdcan1RxCallback	16	static
D:/h7_framework/Skywalker/Application/Src/app_unit_test.c:142:13:UnitTestFdcan2RxCallback	16	static
D:/h7_framework/Skywalker/Application/Src/app_unit_test.c:146:13:UnitTestFdcan3RxCallback	24	static
D:/h7_framework/Skywalker/Application/Src/app_unit_test.c:156:13:UnitTestInitRemote	8	static
D:/h7_framework/Skywalker/Application/Src/app_unit_test.c:166:13:UnitTestInitFdcan	8	static
D:/h7_framework/Skywalker/Application/Src/app_unit_test.c:180:13:UnitTestInitFdcan3MotorSpin	24	static
D:/h7_framework/Skywalker/Application/Src/app_unit_test.c:209:13:UnitTestInitImu	16	static
D:/h7_framework/Skywalker/Application/Src/app_unit_test.c:223:13:UnitTestInitUart	8	static
D:/h7_framework/Skywalker/Application/Src/app_unit_test.c:236:10:UnitTestInit	16	static
D:/h7_framework/Skywalker/Application/Src/app_unit_test.c:256:13:UnitTestUpdateRemote	16	static
D:/h7_framework/Skywalker/Application/Src/app_unit_test.c:284:13:UnitTestUpdateFdcan	8	static
D:/h7_framework/Skywalker/Application/Src/app_unit_test.c:301:13:UnitTestPackFdcan3MotorCurrents	16	static
D:/h7_framework/Skywalker/Application/Src/app_unit_test.c:312:14:UnitTestClampFloat	24	static
D:/h7_framework/Skywalker/Application/Src/app_unit_test.c:322:14:UnitTestRcNormalize	16	static
D:/h7_framework/Skywalker/Application/Src/app_unit_test.c:326:14:UnitTestApplyDeadband	16	static
D:/h7_framework/Skywalker/Application/Src/app_unit_test.c:333:14:UnitTestRampFloat	24	static
D:/h7_framework/Skywalker/Application/Src/app_unit_test.c:345:13:UnitTestFdcan3AllMotorsHaveFeedback	16	static
D:/h7_framework/Skywalker/Application/Src/app_unit_test.c:354:13:UnitTestUpdateFdcan3MotorRamp	24	static
D:/h7_framework/Skywalker/Application/Src/app_unit_test.c:374:13:UnitTestStopFdcan3Motors	16	static
D:/h7_framework/Skywalker/Application/Src/app_unit_test.c:385:13:UnitTestRemoteIsOnline	16	static
D:/h7_framework/Skywalker/Application/Src/app_unit_test.c:391:13:UnitTestUpdateFdcan3MotorSpin	32	static
D:/h7_framework/Skywalker/Application/Src/app_unit_test.c:437:13:UnitTestUpdateRemoteChassisDriveTarget	32	static
D:/h7_framework/Skywalker/Application/Src/app_unit_test.c:461:13:UnitTestUpdateRemoteChassisDrive	56	static
D:/h7_framework/Skywalker/Application/Src/app_unit_test.c:523:13:UnitTestUpdateImu	16	static
D:/h7_framework/Skywalker/Application/Src/app_unit_test.c:559:13:UnitTestUpdateUart	16	static
D:/h7_framework/Skywalker/Application/Src/app_unit_test.c:583:6:UnitTestLoop	8	static
