D:/h7_framework/Core/Src/stm32h7xx_it.c:93:6:NMI_Handler	4	static
D:/h7_framework/Core/Src/stm32h7xx_it.c:108:6:HardFault_Handler	4	static
D:/h7_framework/Core/Src/stm32h7xx_it.c:123:6:MemManage_Handler	4	static
D:/h7_framework/Core/Src/stm32h7xx_it.c:138:6:BusFault_Handler	4	static
D:/h7_framework/Core/Src/stm32h7xx_it.c:153:6:UsageFault_Handler	4	static
D:/h7_framework/Core/Src/stm32h7xx_it.c:168:6:DebugMon_Handler	4	static
D:/h7_framework/Core/Src/stm32h7xx_it.c:188:6:DMA1_Stream0_IRQHandler	8	static
D:/h7_framework/Core/Src/stm32h7xx_it.c:202:6:DMA1_Stream1_IRQHandler	8	static
D:/h7_framework/Core/Src/stm32h7xx_it.c:216:6:DMA1_Stream2_IRQHandler	8	static
D:/h7_framework/Core/Src/stm32h7xx_it.c:230:6:DMA1_Stream3_IRQHandler	8	static
D:/h7_framework/Core/Src/stm32h7xx_it.c:244:6:DMA1_Stream4_IRQHandler	8	static
D:/h7_framework/Core/Src/stm32h7xx_it.c:258:6:DMA1_Stream5_IRQHandler	8	static
D:/h7_framework/Core/Src/stm32h7xx_it.c:272:6:DMA1_Stream6_IRQHandler	8	static
D:/h7_framework/Core/Src/stm32h7xx_it.c:286:6:FDCAN1_IT0_IRQHandler	8	static
D:/h7_framework/Core/Src/stm32h7xx_it.c:300:6:FDCAN2_IT0_IRQHandler	8	static
D:/h7_framework/Core/Src/stm32h7xx_it.c:314:6:FDCAN1_IT1_IRQHandler	8	static
D:/h7_framework/Core/Src/stm32h7xx_it.c:328:6:FDCAN2_IT1_IRQHandler	8	static
D:/h7_framework/Core/Src/stm32h7xx_it.c:342:6:SPI2_IRQHandler	8	static
D:/h7_framework/Core/Src/stm32h7xx_it.c:356:6:USART1_IRQHandler	8	static
D:/h7_framework/Core/Src/stm32h7xx_it.c:370:6:USART2_IRQHandler	8	static
D:/h7_framework/Core/Src/stm32h7xx_it.c:384:6:USART3_IRQHandler	8	static
D:/h7_framework/Core/Src/stm32h7xx_it.c:398:6:EXTI15_10_IRQHandler	8	static
D:/h7_framework/Core/Src/stm32h7xx_it.c:413:6:DMA1_Stream7_IRQHandler	8	static
D:/h7_framework/Core/Src/stm32h7xx_it.c:427:6:UART5_IRQHandler	8	static
D:/h7_framework/Core/Src/stm32h7xx_it.c:441:6:TIM6_DAC_IRQHandler	8	static
D:/h7_framework/Core/Src/stm32h7xx_it.c:455:6:DMA2_Stream0_IRQHandler	8	static
D:/h7_framework/Core/Src/stm32h7xx_it.c:469:6:DMA2_Stream1_IRQHandler	8	static
D:/h7_framework/Core/Src/stm32h7xx_it.c:483:6:DMA2_Stream2_IRQHandler	8	static
D:/h7_framework/Core/Src/stm32h7xx_it.c:497:6:DMA2_Stream3_IRQHandler	8	static
D:/h7_framework/Core/Src/stm32h7xx_it.c:511:6:DMA2_Stream4_IRQHandler	8	static
D:/h7_framework/Core/Src/stm32h7xx_it.c:525:6:UART7_IRQHandler	8	static
D:/h7_framework/Core/Src/stm32h7xx_it.c:539:6:USART10_IRQHandler	8	static
D:/h7_framework/Core/Src/stm32h7xx_it.c:553:6:FDCAN3_IT0_IRQHandler	8	static
D:/h7_framework/Core/Src/stm32h7xx_it.c:567:6:FDCAN3_IT1_IRQHandler	8	static
